// Jest Snapshot v1, https://goo.gl/fbAQLP

exports[`directive: zen-horizontal-layout with accurate width should render 1`] = `
<div
  class="zen_ui__horizontal_layout ng-scope ng-isolate-scope"
  data-divider=""
  ng-style="outerStyle"
  ng-transclude=""
  style="height: 100%;"
  zen-height="::'100%'"
>
  <div
    class="zen_ui__horizontal_layout_column ng-scope ng-isolate-scope"
    ng-style="outerStyle"
    style="width: 90%;"
    zen-width="::'90%'"
  >
    <div
      ng-style="innerStyle"
    >
      <div
        ng-transclude=""
      />
    </div>
  </div>
  <div
    class="zen_ui__horizontal_layout_column ng-scope ng-isolate-scope"
    ng-style="outerStyle"
    style="width: 5%;"
    zen-width="::5"
  >
    <div
      ng-style="innerStyle"
    >
      <div
        ng-transclude=""
      />
    </div>
  </div>
  <div
    class="zen_ui__horizontal_layout_column ng-scope ng-isolate-scope"
    ng-style="outerStyle"
    style="width: 5%;"
    zen-width="::5"
  >
    <div
      ng-style="innerStyle"
    >
      <div
        ng-transclude=""
      />
    </div>
  </div>
</div>
`;
